  Phoenix.cpp
Phoenix.cpp(353): warning C4244: '=': conversion from 'double' to 'FLOAT', possible loss of data
Phoenix.cpp(415): warning C4244: 'initializing': conversion from 'int' to 'float', possible loss of data
Phoenix.cpp(419): warning C4244: '=': conversion from 'double' to 'FLOAT', possible loss of data
Phoenix.cpp(506): warning C4244: 'initializing': conversion from 'double' to 'float', possible loss of data
Phoenix.cpp(510): warning C4244: '=': conversion from 'double' to 'FLOAT', possible loss of data
Phoenix.cpp(556): warning C4305: 'initializing': truncation from 'double' to 'float'
Phoenix.cpp(571): warning C4244: 'initializing': conversion from 'double' to 'int', possible loss of data
Phoenix.cpp(577): warning C4244: '=': conversion from 'double' to 'FLOAT', possible loss of data
Phoenix.cpp(578): warning C4244: '=': conversion from 'double' to 'FLOAT', possible loss of data
Phoenix.cpp(579): warning C4244: '=': conversion from 'double' to 'FLOAT', possible loss of data
Phoenix.cpp(742): warning C4244: '=': conversion from 'double' to 'FLOAT', possible loss of data
Phoenix.cpp(1033): warning C4101: 'hslcolor': unreferenced local variable
Phoenix.cpp(1046): warning C4101: 'rgbquadCopy': unreferenced local variable
Phoenix.cpp(1088): warning C4101: 'hslcolor': unreferenced local variable
Phoenix.cpp(1101): warning C4101: 'rgbquadCopy': unreferenced local variable
Phoenix.cpp(1172): warning C4244: 'initializing': conversion from 'double' to 'int', possible loss of data
Phoenix.cpp(1173): warning C4244: 'initializing': conversion from 'double' to 'int', possible loss of data
Phoenix.cpp(1143): warning C4101: 'hslcolor': unreferenced local variable
Phoenix.cpp(1159): warning C4101: 'rgbquadCopy': unreferenced local variable
Phoenix.cpp(1218): warning C4244: 'initializing': conversion from 'float' to 'INT', possible loss of data
Phoenix.cpp(1242): warning C4244: 'initializing': conversion from 'FLOAT' to 'int', possible loss of data
Phoenix.cpp(1243): warning C4244: 'initializing': conversion from 'FLOAT' to 'int', possible loss of data
Phoenix.cpp(1246): warning C4244: 'initializing': conversion from 'double' to 'int', possible loss of data
Phoenix.cpp(1255): warning C4244: 'initializing': conversion from 'double' to 'float', possible loss of data
Phoenix.cpp(1256): warning C4244: 'initializing': conversion from 'double' to 'float', possible loss of data
Phoenix.cpp(1259): warning C4244: 'argument': conversion from 'float' to 'int', possible loss of data
Phoenix.cpp(1209): warning C4101: 'hslcolor': unreferenced local variable
Phoenix.cpp(1226): warning C4101: 'rgbquadCopy': unreferenced local variable
Phoenix.cpp(1319): warning C4101: 'hslcolor': unreferenced local variable
Phoenix.cpp(1331): warning C4101: 'rgbquadCopy': unreferenced local variable
Phoenix.cpp(1410): warning C4101: 'hslcolor': unreferenced local variable
Phoenix.cpp(1422): warning C4101: 'rgbquadCopy': unreferenced local variable
Phoenix.cpp(1497): warning C4101: 'hslcolor': unreferenced local variable
Phoenix.cpp(1509): warning C4101: 'rgbquadCopy': unreferenced local variable
Phoenix.cpp(1549): warning C4101: 'hslcolor': unreferenced local variable
Phoenix.cpp(1561): warning C4101: 'rgbquadCopy': unreferenced local variable
Phoenix.cpp(1655): warning C4244: 'initializing': conversion from 'int' to 'float', possible loss of data
Phoenix.cpp(1659): warning C4244: '=': conversion from 'double' to 'FLOAT', possible loss of data
Phoenix.cpp(1688): warning C4244: 'initializing': conversion from 'double' to 'INT', possible loss of data
Phoenix.cpp(1780): warning C4244: 'initializing': conversion from 'double' to 'int', possible loss of data
Phoenix.cpp(1781): warning C4244: 'initializing': conversion from 'double' to 'int', possible loss of data
Phoenix.cpp(1751): warning C4101: 'hslcolor': unreferenced local variable
Phoenix.cpp(1767): warning C4101: 'rgbquadCopy': unreferenced local variable
Phoenix.cpp(1846): warning C4244: 'initializing': conversion from 'double' to 'int', possible loss of data
Phoenix.cpp(1847): warning C4244: 'initializing': conversion from 'double' to 'int', possible loss of data
Phoenix.cpp(1817): warning C4101: 'hslcolor': unreferenced local variable
Phoenix.cpp(1833): warning C4101: 'rgbquadCopy': unreferenced local variable
Phoenix.cpp(1883): warning C4101: 'hslcolor': unreferenced local variable
Phoenix.cpp(1898): warning C4101: 'rgbquadCopy': unreferenced local variable
Phoenix.cpp(1944): warning C4244: '=': conversion from 'double' to 'char', possible loss of data
Phoenix.cpp(1958): warning C4244: '=': conversion from 'double' to 'char', possible loss of data
Phoenix.cpp(1972): warning C4244: '=': conversion from 'DWORD' to 'char', possible loss of data
Phoenix.cpp(2028): warning C4554: '>>': check operator precedence for possible error; use parentheses to clarify precedence
Phoenix.cpp(2028): warning C4244: '=': conversion from 'unsigned long' to 'char', possible loss of data
Phoenix.cpp(2424): warning C4101: 'Info': unreferenced local variable
  Generating code
d:\visual studio projects\phoenix\phoenix\phoenix.cpp(2469): warning C4715: 'WinMain': not all control paths return a value
  2 of 68 functions ( 2.9%) were compiled, the rest were copied from previous compilation.
    0 functions were new in current compilation
    0 functions had inline decision re-evaluated but remain unchanged
  Finished generating code
  Phoenix.vcxproj -> D:\Visual Studio Projects\Phoenix\Release\Phoenix.exe
  Phoenix.vcxproj -> D:\Visual Studio Projects\Phoenix\Release\Phoenix.pdb (Full PDB)
