C:\Program Files\Microsoft Visual Studio\2022\Community\MSBuild\Microsoft\VC\v150\Platforms\Win32\PlatformToolsets\v141_xp\Toolset.targets(39,5): warning MSB8051: Support for targeting Windows XP is deprecated and will not be present in future releases of Visual Studio. Please see https://go.microsoft.com/fwlink/?linkid=2023588 for more information.
C:\Program Files\Microsoft Visual Studio\2022\Community\MSBuild\Microsoft\VC\v150\Microsoft.CppBuild.targets(391,5): warning MSB8028: The intermediate directory (Release\) contains files shared from another project (sinX.vcxproj).  This can lead to incorrect clean and rebuild behavior.
  sinX.cpp
d:\visual studio projects\sinx.exe-sourcecode\sinx - safety\sinx\sinx.cpp(267): warning C4244: 'return': conversion from 'double' to 'FLOAT', possible loss of data
d:\visual studio projects\sinx.exe-sourcecode\sinx - safety\sinx\sinx.cpp(284): warning C4244: 'argument': conversion from 'int' to 'FLOAT', possible loss of data
d:\visual studio projects\sinx.exe-sourcecode\sinx - safety\sinx\sinx.cpp(284): warning C4244: 'initializing': conversion from 'FLOAT' to 'int', possible loss of data
d:\visual studio projects\sinx.exe-sourcecode\sinx - safety\sinx\sinx.cpp(389): warning C4244: 'initializing': conversion from 'double' to 'int', possible loss of data
d:\visual studio projects\sinx.exe-sourcecode\sinx - safety\sinx\sinx.cpp(368): warning C4101: 'hslcolor': unreferenced local variable
d:\visual studio projects\sinx.exe-sourcecode\sinx - safety\sinx\sinx.cpp(381): warning C4101: 'rgbquadCopy': unreferenced local variable
d:\visual studio projects\sinx.exe-sourcecode\sinx - safety\sinx\sinx.cpp(454): warning C4244: '=': conversion from 'double' to 'FLOAT', possible loss of data
d:\visual studio projects\sinx.exe-sourcecode\sinx - safety\sinx\sinx.cpp(478): warning C4244: 'initializing': conversion from 'double' to 'int', possible loss of data
d:\visual studio projects\sinx.exe-sourcecode\sinx - safety\sinx\sinx.cpp(482): warning C4244: 'initializing': conversion from 'double' to 'int', possible loss of data
d:\visual studio projects\sinx.exe-sourcecode\sinx - safety\sinx\sinx.cpp(500): warning C4244: 'initializing': conversion from 'double' to 'int', possible loss of data
d:\visual studio projects\sinx.exe-sourcecode\sinx - safety\sinx\sinx.cpp(504): warning C4244: 'initializing': conversion from 'double' to 'int', possible loss of data
d:\visual studio projects\sinx.exe-sourcecode\sinx - safety\sinx\sinx.cpp(551): warning C4244: 'initializing': conversion from 'double' to 'float', possible loss of data
d:\visual studio projects\sinx.exe-sourcecode\sinx - safety\sinx\sinx.cpp(555): warning C4244: '=': conversion from 'double' to 'FLOAT', possible loss of data
d:\visual studio projects\sinx.exe-sourcecode\sinx - safety\sinx\sinx.cpp(584): warning C4244: 'initializing': conversion from 'double' to 'int', possible loss of data
d:\visual studio projects\sinx.exe-sourcecode\sinx - safety\sinx\sinx.cpp(588): warning C4244: 'initializing': conversion from 'double' to 'int', possible loss of data
d:\visual studio projects\sinx.exe-sourcecode\sinx - safety\sinx\sinx.cpp(732): warning C4244: 'initializing': conversion from 'double' to 'int', possible loss of data
d:\visual studio projects\sinx.exe-sourcecode\sinx - safety\sinx\sinx.cpp(733): warning C4244: 'initializing': conversion from 'double' to 'int', possible loss of data
d:\visual studio projects\sinx.exe-sourcecode\sinx - safety\sinx\sinx.cpp(703): warning C4101: 'hslcolor': unreferenced local variable
d:\visual studio projects\sinx.exe-sourcecode\sinx - safety\sinx\sinx.cpp(719): warning C4101: 'rgbquadCopy': unreferenced local variable
d:\visual studio projects\sinx.exe-sourcecode\sinx - safety\sinx\sinx.cpp(772): warning C4293: '>>': shift count negative or too big, undefined behavior
d:\visual studio projects\sinx.exe-sourcecode\sinx - safety\sinx\sinx.cpp(772): warning C4244: '=': conversion from 'unsigned long' to 'char', possible loss of data
d:\visual studio projects\sinx.exe-sourcecode\sinx - safety\sinx\sinx.cpp(786): warning C4293: '>>': shift count negative or too big, undefined behavior
d:\visual studio projects\sinx.exe-sourcecode\sinx - safety\sinx\sinx.cpp(786): warning C4244: '=': conversion from 'unsigned long' to 'char', possible loss of data
d:\visual studio projects\sinx.exe-sourcecode\sinx - safety\sinx\sinx.cpp(800): warning C4244: '=': conversion from 'unsigned long' to 'char', possible loss of data
d:\visual studio projects\sinx.exe-sourcecode\sinx - safety\sinx\sinx.cpp(828): warning C4554: '>>': check operator precedence for possible error; use parentheses to clarify precedence
d:\visual studio projects\sinx.exe-sourcecode\sinx - safety\sinx\sinx.cpp(842): warning C4554: '>>': check operator precedence for possible error; use parentheses to clarify precedence
  Generating code
  All 35 functions were compiled because no usable IPDB/IOBJ from previous compilation was found.
  Finished generating code
  sinX.vcxproj -> D:\Visual Studio Projects\sinX.exe-sourcecode\sinX - safety\Release\sinX-safety.exe
