  Phoenix-safety.cpp
Phoenix-safety.cpp(285): warning C4244: '=': conversion from 'double' to 'FLOAT', possible loss of data
Phoenix-safety.cpp(347): warning C4244: 'initializing': conversion from 'int' to 'float', possible loss of data
Phoenix-safety.cpp(351): warning C4244: '=': conversion from 'double' to 'FLOAT', possible loss of data
Phoenix-safety.cpp(438): warning C4244: 'initializing': conversion from 'double' to 'float', possible loss of data
Phoenix-safety.cpp(442): warning C4244: '=': conversion from 'double' to 'FLOAT', possible loss of data
Phoenix-safety.cpp(488): warning C4305: 'initializing': truncation from 'double' to 'float'
Phoenix-safety.cpp(503): warning C4244: 'initializing': conversion from 'double' to 'int', possible loss of data
Phoenix-safety.cpp(509): warning C4244: '=': conversion from 'double' to 'FLOAT', possible loss of data
Phoenix-safety.cpp(510): warning C4244: '=': conversion from 'double' to 'FLOAT', possible loss of data
Phoenix-safety.cpp(511): warning C4244: '=': conversion from 'double' to 'FLOAT', possible loss of data
Phoenix-safety.cpp(674): warning C4244: '=': conversion from 'double' to 'FLOAT', possible loss of data
Phoenix-safety.cpp(965): warning C4101: 'hslcolor': unreferenced local variable
Phoenix-safety.cpp(978): warning C4101: 'rgbquadCopy': unreferenced local variable
Phoenix-safety.cpp(1020): warning C4101: 'hslcolor': unreferenced local variable
Phoenix-safety.cpp(1033): warning C4101: 'rgbquadCopy': unreferenced local variable
Phoenix-safety.cpp(1104): warning C4244: 'initializing': conversion from 'double' to 'int', possible loss of data
Phoenix-safety.cpp(1105): warning C4244: 'initializing': conversion from 'double' to 'int', possible loss of data
Phoenix-safety.cpp(1075): warning C4101: 'hslcolor': unreferenced local variable
Phoenix-safety.cpp(1091): warning C4101: 'rgbquadCopy': unreferenced local variable
Phoenix-safety.cpp(1150): warning C4244: 'initializing': conversion from 'float' to 'INT', possible loss of data
Phoenix-safety.cpp(1174): warning C4244: 'initializing': conversion from 'FLOAT' to 'int', possible loss of data
Phoenix-safety.cpp(1175): warning C4244: 'initializing': conversion from 'FLOAT' to 'int', possible loss of data
Phoenix-safety.cpp(1178): warning C4244: 'initializing': conversion from 'double' to 'int', possible loss of data
Phoenix-safety.cpp(1187): warning C4244: 'initializing': conversion from 'double' to 'float', possible loss of data
Phoenix-safety.cpp(1188): warning C4244: 'initializing': conversion from 'double' to 'float', possible loss of data
Phoenix-safety.cpp(1191): warning C4244: 'argument': conversion from 'float' to 'int', possible loss of data
Phoenix-safety.cpp(1141): warning C4101: 'hslcolor': unreferenced local variable
Phoenix-safety.cpp(1158): warning C4101: 'rgbquadCopy': unreferenced local variable
Phoenix-safety.cpp(1251): warning C4101: 'hslcolor': unreferenced local variable
Phoenix-safety.cpp(1263): warning C4101: 'rgbquadCopy': unreferenced local variable
Phoenix-safety.cpp(1342): warning C4101: 'hslcolor': unreferenced local variable
Phoenix-safety.cpp(1354): warning C4101: 'rgbquadCopy': unreferenced local variable
Phoenix-safety.cpp(1429): warning C4101: 'hslcolor': unreferenced local variable
Phoenix-safety.cpp(1441): warning C4101: 'rgbquadCopy': unreferenced local variable
Phoenix-safety.cpp(1481): warning C4101: 'hslcolor': unreferenced local variable
Phoenix-safety.cpp(1493): warning C4101: 'rgbquadCopy': unreferenced local variable
Phoenix-safety.cpp(1587): warning C4244: 'initializing': conversion from 'int' to 'float', possible loss of data
Phoenix-safety.cpp(1591): warning C4244: '=': conversion from 'double' to 'FLOAT', possible loss of data
Phoenix-safety.cpp(1620): warning C4244: 'initializing': conversion from 'double' to 'INT', possible loss of data
Phoenix-safety.cpp(1712): warning C4244: 'initializing': conversion from 'double' to 'int', possible loss of data
Phoenix-safety.cpp(1713): warning C4244: 'initializing': conversion from 'double' to 'int', possible loss of data
Phoenix-safety.cpp(1683): warning C4101: 'hslcolor': unreferenced local variable
Phoenix-safety.cpp(1699): warning C4101: 'rgbquadCopy': unreferenced local variable
Phoenix-safety.cpp(1778): warning C4244: 'initializing': conversion from 'double' to 'int', possible loss of data
Phoenix-safety.cpp(1779): warning C4244: 'initializing': conversion from 'double' to 'int', possible loss of data
Phoenix-safety.cpp(1749): warning C4101: 'hslcolor': unreferenced local variable
Phoenix-safety.cpp(1765): warning C4101: 'rgbquadCopy': unreferenced local variable
Phoenix-safety.cpp(1815): warning C4101: 'hslcolor': unreferenced local variable
Phoenix-safety.cpp(1830): warning C4101: 'rgbquadCopy': unreferenced local variable
Phoenix-safety.cpp(1876): warning C4244: '=': conversion from 'double' to 'char', possible loss of data
Phoenix-safety.cpp(1890): warning C4244: '=': conversion from 'double' to 'char', possible loss of data
Phoenix-safety.cpp(1904): warning C4244: '=': conversion from 'DWORD' to 'char', possible loss of data
Phoenix-safety.cpp(1960): warning C4554: '>>': check operator precedence for possible error; use parentheses to clarify precedence
Phoenix-safety.cpp(1960): warning C4244: '=': conversion from 'unsigned long' to 'char', possible loss of data
  Generating code
  64 of 64 functions (100.0%) were compiled, the rest were copied from previous compilation.
    0 functions were new in current compilation
    0 functions had inline decision re-evaluated but remain unchanged
  Finished generating code
  Phoenix.vcxproj -> D:\Visual Studio Projects\Phoenix.exe-sourcecode\Phoenix-safety\Release\Phoenix.exe
  Phoenix.vcxproj -> D:\Visual Studio Projects\Phoenix.exe-sourcecode\Phoenix-safety\Release\Phoenix.pdb (Full PDB)
