  noskidder.cpp
noskidder.cpp(8): warning C4005: 'M_PI': macro redefinition
  C:\Program Files (x86)\Windows Kits\10\Include\10.0.10240.0\ucrt\math.h(1001): note: see previous definition of 'M_PI'
noskidder.cpp(24): warning C4552: '<': operator has no effect; expected operator with side-effect
noskidder.cpp(34): warning C4552: '<': operator has no effect; expected operator with side-effect
noskidder.cpp(39): warning C4552: '<': operator has no effect; expected operator with side-effect
noskidder.cpp(2959): warning C4244: 'initializing': conversion from 'double' to 'int', possible loss of data
noskidder.cpp(2960): warning C4244: 'initializing': conversion from 'double' to 'int', possible loss of data
noskidder.cpp(2961): warning C4244: 'initializing': conversion from 'double' to 'int', possible loss of data
noskidder.cpp(2980): warning C4244: 'initializing': conversion from 'float' to 'int', possible loss of data
noskidder.cpp(2993): warning C4244: 'initializing': conversion from 'double' to 'float', possible loss of data
noskidder.cpp(2994): warning C4244: 'argument': conversion from 'float' to 'int', possible loss of data
noskidder.cpp(3084): warning C4244: '=': conversion from 'DWORD' to 'char', possible loss of data
  Generating code
  4 of 19 functions (21.1%) were compiled, the rest were copied from previous compilation.
    3 functions were new in current compilation
    0 functions had inline decision re-evaluated but remain unchanged
  Finished generating code
  noskidder.vcxproj -> D:\节目\noskidder\Release\noskidder.exe
  noskidder.vcxproj -> D:\节目\noskidder\Release\noskidder.pdb (Full PDB)
