  Cadmium.cpp
C:\Users\zouzo\Desktop\Cadmium.exe - SOURCE CODE\Cadmium\Cadmium\Cadmium.cpp(994,13): warning C4552: '<' : résultat de l'expression non utilisé
C:\Users\zouzo\Desktop\Cadmium.exe - SOURCE CODE\Cadmium\Cadmium\Cadmium.cpp(1004,19): warning C4552: '<' : résultat de l'expression non utilisé
C:\Users\zouzo\Desktop\Cadmium.exe - SOURCE CODE\Cadmium\Cadmium\Cadmium.cpp(1009,22): warning C4552: '<' : résultat de l'expression non utilisé
C:\Users\zouzo\Desktop\Cadmium.exe - SOURCE CODE\Cadmium\Cadmium\Cadmium.cpp(1222,24): warning C4244: 'initialisation' : conversion de 'double' en 'int', perte possible de données
C:\Users\zouzo\Desktop\Cadmium.exe - SOURCE CODE\Cadmium\Cadmium\Cadmium.cpp(1381,24): warning C4244: 'initialisation' : conversion de 'double' en 'int', perte possible de données
C:\Users\zouzo\Desktop\Cadmium.exe - SOURCE CODE\Cadmium\Cadmium\Cadmium.cpp(1494,73): warning C4244: '=' : conversion de 'double' en 'BYTE', perte possible de données
C:\Users\zouzo\Desktop\Cadmium.exe - SOURCE CODE\Cadmium\Cadmium\Cadmium.cpp(1495,73): warning C4244: '=' : conversion de 'double' en 'BYTE', perte possible de données
C:\Users\zouzo\Desktop\Cadmium.exe - SOURCE CODE\Cadmium\Cadmium\Cadmium.cpp(1496,73): warning C4244: '=' : conversion de 'double' en 'BYTE', perte possible de données
C:\Users\zouzo\Desktop\Cadmium.exe - SOURCE CODE\Cadmium\Cadmium\Cadmium.cpp(1558,26): warning C4244: 'initialisation' : conversion de 'int' en 'float', perte possible de données
C:\Users\zouzo\Desktop\Cadmium.exe - SOURCE CODE\Cadmium\Cadmium\Cadmium.cpp(1880,64): warning C4244: '=' : conversion de 'DWORD' en 'char', perte possible de données
C:\Users\zouzo\Desktop\Cadmium.exe - SOURCE CODE\Cadmium\Cadmium\Cadmium.cpp(1910,131): warning C4244: '=' : conversion de 'DWORD' en 'char', perte possible de données
C:\Users\zouzo\Desktop\Cadmium.exe - SOURCE CODE\Cadmium\Cadmium\Cadmium.cpp(1925,54): warning C4554: '>>' : vérifiez si la priorité des opérateurs n'est pas une cause possible d'erreur ; utilisez des parenthèses pour rendre les priorités plus claires
C:\Users\zouzo\Desktop\Cadmium.exe - SOURCE CODE\Cadmium\Cadmium\Cadmium.cpp(1925,118): warning C4244: '=' : conversion de 'unsigned long' en 'char', perte possible de données
C:\Users\zouzo\Desktop\Cadmium.exe - SOURCE CODE\Cadmium\Cadmium\Cadmium.cpp(1940,60): warning C4244: '=' : conversion de 'DWORD' en 'char', perte possible de données
  Génération de code en cours
  1 of 40 functions ( 2.5%) were compiled, the rest were copied from previous compilation.
    0 functions were new in current compilation
    1 functions had inline decision re-evaluated but remain unchanged
  Fin de la génération du code
  Cadmium.vcxproj -> C:\Users\zouzo\Desktop\Cadmium.exe - SOURCE CODE\Cadmium\Release\Cadmium.exe
